Search results:

Solution 1:
<T>
    <k>
        fold ( fun (a b) -> (a + b) ) -| ( ( fun c -> (c + 1) ) ) -| ( ( 
          fun d -> (d - 1) ) )
    </k>
    <store>
        .Map
    </store>
    <env>
        .Map
    </env>
</T>

Solution 2:
<T>
    <k>
        fold ( fun (a b) -> (a + b) ) -| ( ( fun c -> (c + 1) ) ) -| ( fun
           d -> (d - 1) )
    </k>
    <store>
        .Map
    </store>
    <env>
        .Map
    </env>
</T>

Solution 3:
<T>
    <k>
        fold ( fun (a b) -> (a + b) ) -| ( fun c -> (c + 1) ) -| ( ( fun d
           -> (d - 1) ) )
    </k>
    <store>
        .Map
    </store>
    <env>
        .Map
    </env>
</T>

Solution 4:
<T>
    <k>
        fold ( fun (a b) -> (a + b) ) -| ( fun c -> (c + 1) ) -| ( fun d 
          -> (d - 1) )
    </k>
    <store>
        .Map
    </store>
    <env>
        .Map
    </env>
</T>

Solution 5:
<T>
    <k>
        fold ( fun c -> (c + 1) ) -| ( ( fun (a b) -> (a + b) ) ) -| ( ( 
          fun d -> (d - 1) ) )
    </k>
    <store>
        .Map
    </store>
    <env>
        .Map
    </env>
</T>

Solution 6:
<T>
    <k>
        fold ( fun c -> (c + 1) ) -| ( ( fun (a b) -> (a + b) ) ) -| ( fun
           d -> (d - 1) )
    </k>
    <store>
        .Map
    </store>
    <env>
        .Map
    </env>
</T>

Solution 7:
<T>
    <k>
        fold ( fun c -> (c + 1) ) -| ( fun (a b) -> (a + b) ) -| ( ( fun d
           -> (d - 1) ) )
    </k>
    <store>
        .Map
    </store>
    <env>
        .Map
    </env>
</T>

Solution 8:
<T>
    <k>
        fold ( fun c -> (c + 1) ) -| ( fun (a b) -> (a + b) ) -| ( fun d 
          -> (d - 1) )
    </k>
    <store>
        .Map
    </store>
    <env>
        .Map
    </env>
</T>

Solution 9:
<T>
    <k>
        fold ( fun d -> (d - 1) ) -| ( ( fun (a b) -> (a + b) ) -| ( ( fun
           c -> (c + 1) ) ) )
    </k>
    <store>
        .Map
    </store>
    <env>
        .Map
    </env>
</T>

Solution 10:
<T>
    <k>
        fold ( fun d -> (d - 1) ) -| ( ( fun (a b) -> (a + b) ) -| ( fun c
           -> (c + 1) ) )
    </k>
    <store>
        .Map
    </store>
    <env>
        .Map
    </env>
</T>

Solution 11:
<T>
    <k>
        fold ( fun d -> (d - 1) ) -| ( ( fun c -> (c + 1) ) -| ( ( fun (a 
          b) -> (a + b) ) ) )
    </k>
    <store>
        .Map
    </store>
    <env>
        .Map
    </env>
</T>

Solution 12:
<T>
    <k>
        fold ( fun d -> (d - 1) ) -| ( ( fun c -> (c + 1) ) -| ( fun (a b)
           -> (a + b) ) )
    </k>
    <store>
        .Map
    </store>
    <env>
        .Map
    </env>
</T>
