<T>
    <k>
        map (((( fun (a -> (a + 1)) )) -| (( fun (b -> (b - 1)) ))) -| ( 
          ((( fun (c -> (c * 2)) )) -| (( fun (d -> (d - 3)) ))) ))
    </k>
    <store>
        .Map
    </store>
    <env>
        .Map
    </env>
</T>
