<T>
    <k>
        "foldl" (fun (#symExp(2) -> ((fun (x -> (fun (y -> (x + y))))) ((
          fun (#symExp(1) -> ((fun (a -> (a * 3))) ((fun (b -> (b - 3))) 
          #symExp(1))))) #symExp(2)))))
    </k>
    <store>
        .Map
    </store>
    <env>
        .Map
    </env>
</T>
