<T>
    <k>
        ("foldl" (fun (x -> (fun (y -> (x + y)))))) ("foldl" (fun (
          #symExp(1) -> ((fun (z -> (fun (w -> (z - w))))) ((fun (a -> (a + 2
          ))) #symExp(1))))))
    </k>
    <store>
        .Map
    </store>
    <env>
        .Map
    </env>
</T>
