Search results:

Solution 1:
<T>
    <k>
        ((map) ((((fun a -> a) -| (fun b -> b)) -| (fun c -> c)) -| (fun d
           -> (d / 5))))
    </k>
    <store>
        .Map
    </store>
    <env>
        .Map
    </env>
</T>

Solution 2:
<T>
    <k>
        ((map) (((fun a -> a) -| ((fun b -> b) -| (fun c -> c))) -| (fun d
           -> (d / 5))))
    </k>
    <store>
        .Map
    </store>
    <env>
        .Map
    </env>
</T>

Solution 3:
<T>
    <k>
        ((map) (((fun a -> a) -| (fun b -> b)) -| ((fun c -> c) -| (fun d 
          -> (d / 5)))))
    </k>
    <store>
        .Map
    </store>
    <env>
        .Map
    </env>
</T>
