Search results:

Solution 1:
<T>
    <k>
        ((map) (((fun a -> a) -| (fun b -> b)) -| (fun c -> c)))
    </k>
    <store>
        .Map
    </store>
    <env>
        .Map
    </env>
</T>

Solution 2:
<T>
    <k>
        ((map) ((fun a -> a) -| ((fun b -> b) -| (fun c -> c))))
    </k>
    <store>
        .Map
    </store>
    <env>
        .Map
    </env>
</T>
