<T>
    <k>
        "map" (fun (#symExp(1) -> ((fun (d -> (d - 1))) ((fun (y -> (y * 
          3))) #symExp(1)))))
    </k>
    <store>
        .Map
    </store>
    <env>
        .Map
    </env>
</T>
